[INFO] Scanning for projects...
[INFO] 
[INFO] -------------------------< self.syhong:akkad >--------------------------
[INFO] Building akkad 0.0.1-SNAPSHOT
[INFO]   from pom.xml
[INFO] --------------------------------[ jar ]---------------------------------
[INFO] 
[INFO] --- clean:3.5.0:clean (default-clean) @ akkad ---
[INFO] Deleting /Users/syhong/Code/akkad/akkad/target
[INFO] 
[INFO] --- resources:3.5.0:resources (default-resources) @ akkad ---
[INFO] Copying 3 resources from src/main/resources to target/classes
[INFO] Copying 5 resources from src/main/resources to target/classes
[INFO] 
[INFO] --- compiler:3.15.0:compile (default-compile) @ akkad ---
[INFO] Recompiling the module because of changed source code.
[INFO] Compiling 39 source files with javac [debug parameters release 21] to target/classes
[INFO] ------------------------------------------------------------------------
[INFO] BUILD SUCCESS
[INFO] ------------------------------------------------------------------------
[INFO] Total time:  2.142 s
[INFO] Finished at: 2026-07-30T12:34:56+08:00
[INFO] ------------------------------------------------------------------------
